


ARM Macro Assembler    Page 1 


    1 00000000                 AREA             CLZ_Code , CODE
    2 00000000                 EXPORT           __main
    3 00000000         __main
    4 00000000 F44F 1140       MOV              R1 , #0x00300000 
                                                            ; 0b 0000 0000 0011
                                                            
    5 00000004 FAB1 F381       CLZ              R3 , R1     ; R3 = 10 = 0x00000
                                                            00A
    6 00000008                 END
Command Line: --debug --xref --cpu=Cortex-M4 --apcs=interwork --depend=.\clz.d 
-o.\clz.o -IC:\Keil\ARM\RV31\INC -IC:\Keil\ARM\CMSIS\Include -IC:\Keil\ARM\Inc\
Luminary --predefine="__EVAL SETA 1" --list=.\clz.lst clz.s



ARM Macro Assembler    Page 1 Alphabetic symbol ordering
Relocatable symbols

CLZ_Code 00000000

Symbol: CLZ_Code
   Definitions
      At line 1 in file clz.s
   Uses
      None
Comment: CLZ_Code unused
__main 00000000

Symbol: __main
   Definitions
      At line 3 in file clz.s
   Uses
      At line 2 in file clz.s
Comment: __main used once
2 symbols
333 symbols in table
