<html>
<body>
<pre>
<h1>µVision Build Log</h1>
<h2>Project:</h2>
C:\Keil\Labware\Labs\Assignment_2\Lab4.uvproj
Project File Date:  10/20/2024

<h2>Output:</h2>
Build target 'IO'
assembling clz.s...
linking...
Program Size: Code=1568 RO-data=2400 RW-data=44 ZI-data=1660  
".\IO.axf" - 0 Error(s), 0 Warning(s).
</pre>
</body>
</html>
.\IO.axf" - 0 Error(s), 1 Warning(s).
rget not created
s).
Target not created
63E: Unknown opcode R1, , expecting opcode or Macro
test.s(5): error: A1355U: A Label was found which was in no AREA
".\IO.axf" - 4 Error(s), 0 Warning(s).
Target not created
