<html>
<body>
<pre>
<h1>µVision Build Log</h1>
<h2>Project:</h2>
C:\Keil\Labware\Labs\Lab5\SpaceInvaders.uvproj
Project File Date:  10/28/2024

<h2>Output:</h2>
Build target 'SpaceInvaders'
compiling Nokia5110.c...
compiling SpaceInvaders.c...
SpaceInvaders.c(418): warning:  #1-D: last line of file ends without a newline
  }
SpaceInvaders.c: 1 warning, 0 errors
compiling TExaS.c...
linking...
Program Size: Code=4108 RO-data=5284 RW-data=72 ZI-data=1680  
".\SpaceInvaders.axf" - 0 Error(s), 1 Warning(s).
</pre>
</body>
</html>
